[INFO] Parallel setting: n_jobs=4, available_cpus=32
========================================================================================
[SESSION] sub7/ses01: 2 MAT file(s)
========================================================================================
[ERROR] sub7/ses01: ValueError: sub7/ses01: no retained channels for region ATL
========================================================================================
[SESSION] sub8/ses01: 1 MAT file(s)
========================================================================================
[INFO] sub8/ses01: channel labels match across all MAT files
[LOAD] Aligning /share/workspace3/ieeg/micro/word_boun_perce_v2/sub-008/ses-01/Temp_260404_093808.mat
write_binary_recording 
engine=process - n_jobs=1 - samples_per_chunk=30,000 - chunk_memory=7.32 MiB - total_memory=7.32 MiB - chunk_duration=1.00s

write_binary_recording (no parallelization):   0%|          | 0/303 [00:00<?, ?it/s]
write_binary_recording (no parallelization):   6%|▌         | 17/303 [00:00<00:01, 163.74it/s]
write_binary_recording (no parallelization):  11%|█         | 34/303 [00:00<00:01, 163.68it/s]
write_binary_recording (no parallelization):  17%|█▋        | 51/303 [00:00<00:01, 163.63it/s]
write_binary_recording (no parallelization):  22%|██▏       | 68/303 [00:00<00:01, 163.75it/s]
write_binary_recording (no parallelization):  28%|██▊       | 85/303 [00:00<00:01, 163.87it/s]
write_binary_recording (no parallelization):  34%|███▎      | 102/303 [00:00<00:01, 163.84it/s]
write_binary_recording (no parallelization):  39%|███▉      | 119/303 [00:00<00:01, 164.25it/s]
write_binary_recording (no parallelization):  45%|████▍     | 136/303 [00:00<00:01, 164.63it/s]
write_binary_recording (no parallelization):  50%|█████     | 153/303 [00:00<00:00, 164.89it/s]
write_binary_recording (no parallelization):  56%|█████▌    | 170/303 [00:01<00:00, 165.20it/s]
write_binary_recording (no parallelization):  62%|██████▏   | 187/303 [00:01<00:00, 165.32it/s]
write_binary_recording (no parallelization):  67%|██████▋   | 204/303 [00:01<00:00, 165.22it/s]
write_binary_recording (no parallelization):  73%|███████▎  | 221/303 [00:01<00:00, 165.26it/s]
write_binary_recording (no parallelization):  79%|███████▊  | 238/303 [00:01<00:00, 165.25it/s]
write_binary_recording (no parallelization):  84%|████████▍ | 255/303 [00:01<00:00, 165.27it/s]
write_binary_recording (no parallelization):  90%|████████▉ | 272/303 [00:01<00:00, 165.11it/s]
write_binary_recording (no parallelization):  95%|█████████▌| 289/303 [00:01<00:00, 165.09it/s]
write_binary_recording (no parallelization): 100%|██████████| 303/303 [00:01<00:00, 164.82it/s]
[INFO] Concatenated recording: channels=128, duration=5.05 min
[INFO] Sorting ATL: ['A-017', 'A-018', 'A-019', 'A-020', 'A-021', 'A-022', 'A-023', 'A-024', 'A-025', 'A-026', 'A-027', 'A-028', 'A-029', 'A-030', 'A-031', 'A-032']
Warning! The recording is already filtered, but mountainsort4 filter is enabled
filtering
whitening
Mountainsort4 use the OLD spikeextractors mapped with NewToOldRecording
Using temporary directory None
Using 1 workers.
Using tempdir: /tmp/tmp25xq1v1l
Num. workers = 1
Preparing /tmp/tmp25xq1v1l/timeseries.hdf5...
Preparing neighborhood sorters (M=16, N=9086720)...
Neighboorhood of channel 14 has 16 channels.
Detecting events on channel 15 (phase1)...
Elapsed time for detect on neighborhood: 0:00:00.736206
Num events detected on channel 15 (phase1): 13
Computing PCA features for channel 15 (phase1)...
Clustering for channel 15 (phase1)...
Found 1 clusters for channel 15 (phase1)...
Computing templates for channel 15 (phase1)...
Re-assigning events for channel 15 (phase1)...
Re-assigning 3 events from 15 to 2 with dt=-16 (k=1)
Neighboorhood of channel 13 has 16 channels.
Detecting events on channel 14 (phase1)...
Elapsed time for detect on neighborhood: 0:00:00.726573
Num events detected on channel 14 (phase1): 15
Computing PCA features for channel 14 (phase1)...
Clustering for channel 14 (phase1)...
Found 1 clusters for channel 14 (phase1)...
Computing templates for channel 14 (phase1)...
Re-assigning events for channel 14 (phase1)...
Re-assigning 3 events from 14 to 2 with dt=-16 (k=1)
Neighboorhood of channel 6 has 16 channels.
Detecting events on channel 7 (phase1)...
Elapsed time for detect on neighborhood: 0:00:00.725417
Num events detected on channel 7 (phase1): 14
Computing PCA features for channel 7 (phase1)...
Clustering for channel 7 (phase1)...
Found 1 clusters for channel 7 (phase1)...
Computing templates for channel 7 (phase1)...
Re-assigning events for channel 7 (phase1)...
Re-assigning 1 events from 7 to 2 with dt=-15 (k=1)
Neighboorhood of channel 8 has 16 channels.
Detecting events on channel 9 (phase1)...
Elapsed time for detect on neighborhood: 0:00:00.724317
Num events detected on channel 9 (phase1): 1884
Computing PCA features for channel 9 (phase1)...
Clustering for channel 9 (phase1)...
Found 2 clusters for channel 9 (phase1)...
Computing templates for channel 9 (phase1)...
Re-assigning events for channel 9 (phase1)...
Neighboorhood of channel 7 has 16 channels.
Detecting events on channel 8 (phase1)...
Elapsed time for detect on neighborhood: 0:00:00.720504
Num events detected on channel 8 (phase1): 66
Computing PCA features for channel 8 (phase1)...
Clustering for channel 8 (phase1)...
Found 1 clusters for channel 8 (phase1)...
Computing templates for channel 8 (phase1)...
Re-assigning events for channel 8 (phase1)...
Re-assigning 36 events from 8 to 16 with dt=0 (k=1)
Neighboorhood of channel 3 has 16 channels.
Detecting events on channel 4 (phase1)...
Elapsed time for detect on neighborhood: 0:00:00.720393
Num events detected on channel 4 (phase1): 1769
Computing PCA features for channel 4 (phase1)...
Clustering for channel 4 (phase1)...
Found 1 clusters for channel 4 (phase1)...
Computing templates for channel 4 (phase1)...
Re-assigning events for channel 4 (phase1)...
Neighboorhood of channel 1 has 16 channels.
Detecting events on channel 2 (phase1)...
Elapsed time for detect on neighborhood: 0:00:00.722024
Num events detected on channel 2 (phase1): 28
Computing PCA features for channel 2 (phase1)...
Clustering for channel 2 (phase1)...
Found 1 clusters for channel 2 (phase1)...
Computing templates for channel 2 (phase1)...
Re-assigning events for channel 2 (phase1)...
Neighboorhood of channel 9 has 16 channels.
Detecting events on channel 10 (phase1)...
Elapsed time for detect on neighborhood: 0:00:00.719232
Num events detected on channel 10 (phase1): 3390
Computing PCA features for channel 10 (phase1)...
Clustering for channel 10 (phase1)...
Found 2 clusters for channel 10 (phase1)...
Computing templates for channel 10 (phase1)...
Re-assigning events for channel 10 (phase1)...
Neighboorhood of channel 4 has 16 channels.
Detecting events on channel 5 (phase1)...
Elapsed time for detect on neighborhood: 0:00:00.718028
Num events detected on channel 5 (phase1): 898
Computing PCA features for channel 5 (phase1)...
Clustering for channel 5 (phase1)...
Found 1 clusters for channel 5 (phase1)...
Computing templates for channel 5 (phase1)...
Re-assigning events for channel 5 (phase1)...
Neighboorhood of channel 11 has 16 channels.
Detecting events on channel 12 (phase1)...
Elapsed time for detect on neighborhood: 0:00:00.722708
Num events detected on channel 12 (phase1): 567
Computing PCA features for channel 12 (phase1)...
Clustering for channel 12 (phase1)...
Found 1 clusters for channel 12 (phase1)...
Computing templates for channel 12 (phase1)...
Re-assigning events for channel 12 (phase1)...
Neighboorhood of channel 5 has 16 channels.
Detecting events on channel 6 (phase1)...
Elapsed time for detect on neighborhood: 0:00:00.719961
Num events detected on channel 6 (phase1): 13
Computing PCA features for channel 6 (phase1)...
Clustering for channel 6 (phase1)...
Found 1 clusters for channel 6 (phase1)...
Computing templates for channel 6 (phase1)...
Re-assigning events for channel 6 (phase1)...
Neighboorhood of channel 0 has 16 channels.
Detecting events on channel 1 (phase1)...
Elapsed time for detect on neighborhood: 0:00:00.719376
Num events detected on channel 1 (phase1): 23
Computing PCA features for channel 1 (phase1)...
Clustering for channel 1 (phase1)...
Found 1 clusters for channel 1 (phase1)...
Computing templates for channel 1 (phase1)...
Re-assigning events for channel 1 (phase1)...
Neighboorhood of channel 15 has 16 channels.
Detecting events on channel 16 (phase1)...
Elapsed time for detect on neighborhood: 0:00:00.719643
Num events detected on channel 16 (phase1): 31
Computing PCA features for channel 16 (phase1)...
Clustering for channel 16 (phase1)...
Found 1 clusters for channel 16 (phase1)...
Computing templates for channel 16 (phase1)...
Re-assigning events for channel 16 (phase1)...
Neighboorhood of channel 12 has 16 channels.
Detecting events on channel 13 (phase1)...
Elapsed time for detect on neighborhood: 0:00:00.716696
Num events detected on channel 13 (phase1): 21
Computing PCA features for channel 13 (phase1)...
Clustering for channel 13 (phase1)...
Found 1 clusters for channel 13 (phase1)...
Computing templates for channel 13 (phase1)...
Re-assigning events for channel 13 (phase1)...
Neighboorhood of channel 10 has 16 channels.
Detecting events on channel 11 (phase1)...
Elapsed time for detect on neighborhood: 0:00:00.718129
Num events detected on channel 11 (phase1): 1693
Computing PCA features for channel 11 (phase1)...
Clustering for channel 11 (phase1)...
Found 1 clusters for channel 11 (phase1)...
Computing templates for channel 11 (phase1)...
Re-assigning events for channel 11 (phase1)...
Neighboorhood of channel 2 has 16 channels.
Detecting events on channel 3 (phase1)...
Elapsed time for detect on neighborhood: 0:00:00.719508
Num events detected on channel 3 (phase1): 995
Computing PCA features for channel 3 (phase1)...
Clustering for channel 3 (phase1)...
Found 1 clusters for channel 3 (phase1)...
Computing templates for channel 3 (phase1)...
Re-assigning events for channel 3 (phase1)...
Neighboorhood of channel 2 has 16 channels.
Computing PCA features for channel 3 (phase2)...
No duplicate events found for channel 2 in phase2
Clustering for channel 3 (phase2)...
Found 1 clusters for channel 3 (phase2)...
Neighboorhood of channel 9 has 16 channels.
Computing PCA features for channel 10 (phase2)...
No duplicate events found for channel 9 in phase2
Clustering for channel 10 (phase2)...
Found 3 clusters for channel 10 (phase2)...
Neighboorhood of channel 0 has 16 channels.
Computing PCA features for channel 1 (phase2)...
No duplicate events found for channel 0 in phase2
Clustering for channel 1 (phase2)...
Found 1 clusters for channel 1 (phase2)...
Neighboorhood of channel 10 has 16 channels.
Computing PCA features for channel 11 (phase2)...
No duplicate events found for channel 10 in phase2
Clustering for channel 11 (phase2)...
Found 1 clusters for channel 11 (phase2)...
Neighboorhood of channel 11 has 16 channels.
Computing PCA features for channel 12 (phase2)...
No duplicate events found for channel 11 in phase2
Clustering for channel 12 (phase2)...
Found 2 clusters for channel 12 (phase2)...
Neighboorhood of channel 6 has 16 channels.
Computing PCA features for channel 7 (phase2)...
No duplicate events found for channel 6 in phase2
Clustering for channel 7 (phase2)...
Found 0 clusters for channel 7 (phase2)...
Neighboorhood of channel 3 has 16 channels.
Computing PCA features for channel 4 (phase2)...
No duplicate events found for channel 3 in phase2
Clustering for channel 4 (phase2)...
Found 1 clusters for channel 4 (phase2)...
Neighboorhood of channel 8 has 16 channels.
Computing PCA features for channel 9 (phase2)...
No duplicate events found for channel 8 in phase2
Clustering for channel 9 (phase2)...
Found 2 clusters for channel 9 (phase2)...
Neighboorhood of channel 5 has 16 channels.
Computing PCA features for channel 6 (phase2)...
No duplicate events found for channel 5 in phase2
Clustering for channel 6 (phase2)...
Found 0 clusters for channel 6 (phase2)...
Neighboorhood of channel 14 has 16 channels.
Computing PCA features for channel 15 (phase2)...
No duplicate events found for channel 14 in phase2
Clustering for channel 15 (phase2)...
Found 0 clusters for channel 15 (phase2)...
Neighboorhood of channel 12 has 16 channels.
Computing PCA features for channel 13 (phase2)...
No duplicate events found for channel 12 in phase2
Clustering for channel 13 (phase2)...
Found 0 clusters for channel 13 (phase2)...
Neighboorhood of channel 4 has 16 channels.
Computing PCA features for channel 5 (phase2)...
No duplicate events found for channel 4 in phase2
Clustering for channel 5 (phase2)...
Found 1 clusters for channel 5 (phase2)...
Neighboorhood of channel 13 has 16 channels.
Computing PCA features for channel 14 (phase2)...
No duplicate events found for channel 13 in phase2
Clustering for channel 14 (phase2)...
Found 0 clusters for channel 14 (phase2)...
Neighboorhood of channel 15 has 16 channels.
Computing PCA features for channel 16 (phase2)...
No duplicate events found for channel 15 in phase2
Clustering for channel 16 (phase2)...
Found 1 clusters for channel 16 (phase2)...
WARNING: found 1 of 47 events within detection interval for cluster 1; deleting invalid events
Neighboorhood of channel 1 has 16 channels.
Computing PCA features for channel 2 (phase2)...
No duplicate events found for channel 1 in phase2
Clustering for channel 2 (phase2)...
Found 1 clusters for channel 2 (phase2)...
WARNING: found 2 of 26 events within detection interval for cluster 1; deleting invalid events
Neighboorhood of channel 7 has 16 channels.
Computing PCA features for channel 8 (phase2)...
No duplicate events found for channel 7 in phase2
Clustering for channel 8 (phase2)...
Found 0 clusters for channel 8 (phase2)...
Preparing output...
Done with ms4alg.
/share/home/mitan/.conda/envs/data-proc/lib/python3.10/site-packages/spikeinterface/core/base.py:991: UserWarning: The extractor is not serializable to file. The provenance will not be saved.
  warnings.warn("The extractor is not serializable to file. The provenance will not be saved.")
Cleaning tempdir::::: /tmp/tmp25xq1v1l
Error running mountainsort4
[ERROR] sub8/ses01: SpikeSortingError: Spike sorting error trace:
Traceback (most recent call last):
  File "/share/home/mitan/.conda/envs/data-proc/lib/python3.10/site-packages/spikeinterface/sorters/basesorter.py", line 266, in run_from_folder
    SorterClass._run_from_folder(sorter_output_folder, sorter_params, verbose)
  File "/share/home/mitan/.conda/envs/data-proc/lib/python3.10/site-packages/spikeinterface/sorters/external/mountainsort4.py", line 137, in _run_from_folder
    units_dict_list = [{u: old_api_sorting.get_unit_spike_train(u) for u in unit_ids}]
  File "/share/home/mitan/.conda/envs/data-proc/lib/python3.10/site-packages/spikeinterface/sorters/external/mountainsort4.py", line 137, in <dictcomp>
    units_dict_list = [{u: old_api_sorting.get_unit_spike_train(u) for u in unit_ids}]
  File "/share/home/mitan/.conda/envs/data-proc/lib/python3.10/site-packages/spikeextractors/extraction_tools.py", line 766, in check_validity
    end_frame = np.Inf
  File "/share/home/mitan/.conda/envs/data-proc/lib/python3.10/site-packages/numpy/__init__.py", line 400, in __getattr__
    raise AttributeError(
AttributeError: `np.Inf` was removed in the NumPy 2.0 release. Use `np.inf` instead.

Spike sorting failed. You can inspect the runtime trace in /share/home/mitan/spike_sorting/mountainsort4/sorting_results_sub8_ses01_v3/ATL/sorting/spikeinterface_log.json.
========================================================================================
[SESSION] sub9/ses01: 2 MAT file(s)
========================================================================================
[INFO] sub9/ses01: channel labels match across all MAT files
[LOAD] Aligning /share/workspace3/ieeg/micro/word_boun_perce_v2/sub-009/ses-01/Temp_260416_120045.mat
write_binary_recording 
engine=process - n_jobs=1 - samples_per_chunk=30,000 - chunk_memory=7.32 MiB - total_memory=7.32 MiB - chunk_duration=1.00s

write_binary_recording (no parallelization):   0%|          | 0/600 [00:00<?, ?it/s]
write_binary_recording (no parallelization):   3%|▎         | 18/600 [00:00<00:03, 174.02it/s]
write_binary_recording (no parallelization):   6%|▌         | 36/600 [00:00<00:03, 175.77it/s]
write_binary_recording (no parallelization):   9%|▉         | 54/600 [00:00<00:03, 176.27it/s]
write_binary_recording (no parallelization):  12%|█▏        | 72/600 [00:00<00:02, 176.57it/s]
write_binary_recording (no parallelization):  15%|█▌        | 90/600 [00:00<00:02, 177.07it/s]
write_binary_recording (no parallelization):  18%|█▊        | 108/600 [00:00<00:02, 177.05it/s]
write_binary_recording (no parallelization):  21%|██        | 126/600 [00:00<00:02, 176.86it/s]
write_binary_recording (no parallelization):  24%|██▍       | 144/600 [00:00<00:02, 176.69it/s]
write_binary_recording (no parallelization):  27%|██▋       | 162/600 [00:00<00:02, 176.61it/s]
write_binary_recording (no parallelization):  30%|███       | 180/600 [00:01<00:02, 176.64it/s]
write_binary_recording (no parallelization):  33%|███▎      | 198/600 [00:01<00:02, 176.75it/s]
write_binary_recording (no parallelization):  36%|███▌      | 216/600 [00:01<00:02, 176.59it/s]
write_binary_recording (no parallelization):  39%|███▉      | 234/600 [00:01<00:02, 176.11it/s]
write_binary_recording (no parallelization):  42%|████▏     | 252/600 [00:01<00:01, 175.99it/s]
write_binary_recording (no parallelization):  45%|████▌     | 270/600 [00:01<00:01, 175.97it/s]
write_binary_recording (no parallelization):  48%|████▊     | 288/600 [00:01<00:01, 175.70it/s]
write_binary_recording (no parallelization):  51%|█████     | 306/600 [00:01<00:01, 175.59it/s]
write_binary_recording (no parallelization):  54%|█████▍    | 324/600 [00:01<00:01, 175.31it/s]
write_binary_recording (no parallelization):  57%|█████▋    | 342/600 [00:01<00:01, 175.56it/s]
write_binary_recording (no parallelization):  60%|██████    | 360/600 [00:02<00:01, 175.55it/s]
write_binary_recording (no parallelization):  63%|██████▎   | 378/600 [00:02<00:01, 175.19it/s]
write_binary_recording (no parallelization):  66%|██████▌   | 396/600 [00:02<00:01, 175.31it/s]
write_binary_recording (no parallelization):  69%|██████▉   | 414/600 [00:02<00:01, 175.74it/s]
write_binary_recording (no parallelization):  72%|███████▏  | 432/600 [00:02<00:00, 176.01it/s]
write_binary_recording (no parallelization):  75%|███████▌  | 450/600 [00:02<00:00, 176.19it/s]
write_binary_recording (no parallelization):  78%|███████▊  | 468/600 [00:02<00:00, 176.30it/s]
write_binary_recording (no parallelization):  81%|████████  | 486/600 [00:02<00:00, 176.43it/s]
write_binary_recording (no parallelization):  84%|████████▍ | 504/600 [00:02<00:00, 176.44it/s]
write_binary_recording (no parallelization):  87%|████████▋ | 522/600 [00:02<00:00, 176.45it/s]
write_binary_recording (no parallelization):  90%|█████████ | 540/600 [00:03<00:00, 176.59it/s]
write_binary_recording (no parallelization):  93%|█████████▎| 558/600 [00:03<00:00, 176.82it/s]
write_binary_recording (no parallelization):  96%|█████████▌| 576/600 [00:03<00:00, 176.76it/s]
write_binary_recording (no parallelization):  99%|█████████▉| 594/600 [00:03<00:00, 176.72it/s]
write_binary_recording (no parallelization): 100%|██████████| 600/600 [00:03<00:00, 176.23it/s]
/share/home/mitan/.conda/envs/data-proc/lib/python3.10/site-packages/spikeinterface/core/recording_tools.py:139: ResourceWarning: unclosed file <_io.BufferedRandom name='/share/home/mitan/spike_sorting/mountainsort4/sorting_results_sub9_ses01_v3/_aligned_recording_cache/chunk_01/traces_cached_seg0.raw'>
  executor.run()
ResourceWarning: Enable tracemalloc to get the object allocation traceback
[LOAD] Aligning /share/workspace3/ieeg/micro/word_boun_perce_v2/sub-009/ses-01/Temp_260416_121045.mat
write_binary_recording 
engine=process - n_jobs=1 - samples_per_chunk=30,000 - chunk_memory=7.32 MiB - total_memory=7.32 MiB - chunk_duration=1.00s

write_binary_recording (no parallelization):   0%|          | 0/289 [00:00<?, ?it/s]
write_binary_recording (no parallelization):   6%|▌         | 18/289 [00:00<00:01, 178.51it/s]
write_binary_recording (no parallelization):  12%|█▏        | 36/289 [00:00<00:01, 177.94it/s]
write_binary_recording (no parallelization):  19%|█▊        | 54/289 [00:00<00:01, 178.53it/s]
write_binary_recording (no parallelization):  25%|██▍       | 72/289 [00:00<00:01, 178.40it/s]
write_binary_recording (no parallelization):  31%|███       | 90/289 [00:00<00:01, 177.79it/s]
write_binary_recording (no parallelization):  37%|███▋      | 108/289 [00:00<00:01, 178.25it/s]
write_binary_recording (no parallelization):  44%|████▎     | 126/289 [00:00<00:00, 178.40it/s]
write_binary_recording (no parallelization):  50%|████▉     | 144/289 [00:00<00:00, 178.38it/s]
write_binary_recording (no parallelization):  56%|█████▌    | 162/289 [00:00<00:00, 178.54it/s]
write_binary_recording (no parallelization):  62%|██████▏   | 180/289 [00:01<00:00, 177.88it/s]
write_binary_recording (no parallelization):  69%|██████▊   | 198/289 [00:01<00:00, 177.84it/s]
write_binary_recording (no parallelization):  75%|███████▍  | 216/289 [00:01<00:00, 178.34it/s]
write_binary_recording (no parallelization):  81%|████████  | 234/289 [00:01<00:00, 178.24it/s]
write_binary_recording (no parallelization):  87%|████████▋ | 252/289 [00:01<00:00, 177.89it/s]
write_binary_recording (no parallelization):  93%|█████████▎| 270/289 [00:01<00:00, 177.69it/s]
write_binary_recording (no parallelization): 100%|█████████▉| 288/289 [00:01<00:00, 177.59it/s]
write_binary_recording (no parallelization): 100%|██████████| 289/289 [00:01<00:00, 178.14it/s]
/share/home/mitan/.conda/envs/data-proc/lib/python3.10/site-packages/spikeinterface/core/recording_tools.py:139: ResourceWarning: unclosed file <_io.BufferedRandom name='/share/home/mitan/spike_sorting/mountainsort4/sorting_results_sub9_ses01_v3/_aligned_recording_cache/chunk_02/traces_cached_seg0.raw'>
  executor.run()
ResourceWarning: Enable tracemalloc to get the object allocation traceback
[INFO] Concatenated recording: channels=128, duration=14.81 min
[INFO] Sorting Amygdala: ['A-001', 'A-002', 'A-003', 'A-004', 'A-005', 'A-006', 'A-007', 'A-008', 'A-009', 'A-010', 'A-011', 'A-012', 'A-013', 'A-014', 'A-015', 'A-016']
Warning! The recording is already filtered, but mountainsort4 filter is enabled
filtering
whitening
Mountainsort4 use the OLD spikeextractors mapped with NewToOldRecording
Using temporary directory None
Using 1 workers.
Using tempdir: /tmp/tmpx2zwuo7j
Num. workers = 1
Preparing /tmp/tmpx2zwuo7j/timeseries.hdf5...
Preparing neighborhood sorters (M=16, N=26664704)...
Neighboorhood of channel 5 has 16 channels.
Detecting events on channel 6 (phase1)...
Elapsed time for detect on neighborhood: 0:00:02.095706
Num events detected on channel 6 (phase1): 1166
Computing PCA features for channel 6 (phase1)...
Clustering for channel 6 (phase1)...
Found 22 clusters for channel 6 (phase1)...
Computing templates for channel 6 (phase1)...
Re-assigning events for channel 6 (phase1)...
Re-assigning 5 events from 6 to 3 with dt=25 (k=1)
Re-assigning 1 events from 6 to 14 with dt=1 (k=2)
Re-assigning 41 events from 6 to 13 with dt=21 (k=6)
Re-assigning 1 events from 6 to 13 with dt=21 (k=7)
Re-assigning 4 events from 6 to 11 with dt=0 (k=8)
Re-assigning 9 events from 6 to 14 with dt=-11 (k=16)
Re-assigning 4 events from 6 to 11 with dt=0 (k=18)
Re-assigning 6 events from 6 to 11 with dt=-14 (k=22)
Neighboorhood of channel 15 has 16 channels.
Detecting events on channel 16 (phase1)...
Elapsed time for detect on neighborhood: 0:00:02.110751
Num events detected on channel 16 (phase1): 983
Computing PCA features for channel 16 (phase1)...
Clustering for channel 16 (phase1)...
Found 18 clusters for channel 16 (phase1)...
Computing templates for channel 16 (phase1)...
Re-assigning events for channel 16 (phase1)...
Re-assigning 1 events from 16 to 14 with dt=-7 (k=2)
Re-assigning 1 events from 16 to 14 with dt=-1 (k=3)
Re-assigning 1 events from 16 to 11 with dt=0 (k=6)
Re-assigning 1 events from 16 to 15 with dt=24 (k=8)
Neighboorhood of channel 6 has 16 channels.
Detecting events on channel 7 (phase1)...
Elapsed time for detect on neighborhood: 0:00:02.076468
Num events detected on channel 7 (phase1): 940
Computing PCA features for channel 7 (phase1)...
Clustering for channel 7 (phase1)...
Found 20 clusters for channel 7 (phase1)...
Computing templates for channel 7 (phase1)...
Re-assigning events for channel 7 (phase1)...
Re-assigning 7 events from 7 to 14 with dt=-12 (k=1)
Neighboorhood of channel 13 has 16 channels.
Detecting events on channel 14 (phase1)...
Elapsed time for detect on neighborhood: 0:00:02.121091
Num events detected on channel 14 (phase1): 719
Computing PCA features for channel 14 (phase1)...
Clustering for channel 14 (phase1)...
Found 15 clusters for channel 14 (phase1)...
Computing templates for channel 14 (phase1)...
Re-assigning events for channel 14 (phase1)...
Re-assigning 5 events from 14 to 10 with dt=-16 (k=1)
Re-assigning 5 events from 14 to 12 with dt=-32 (k=2)
Re-assigning 2 events from 14 to 3 with dt=1 (k=11)
Re-assigning 3 events from 14 to 6 with dt=-5 (k=14)
Re-assigning 21 events from 14 to 3 with dt=18 (k=15)
Neighboorhood of channel 1 has 16 channels.
Detecting events on channel 2 (phase1)...
Elapsed time for detect on neighborhood: 0:00:02.119279
Num events detected on channel 2 (phase1): 1088
Computing PCA features for channel 2 (phase1)...
Clustering for channel 2 (phase1)...
Found 21 clusters for channel 2 (phase1)...
Computing templates for channel 2 (phase1)...
Re-assigning events for channel 2 (phase1)...
Re-assigning 4 events from 2 to 3 with dt=-24 (k=1)
Neighboorhood of channel 3 has 16 channels.
Detecting events on channel 4 (phase1)...
Elapsed time for detect on neighborhood: 0:00:02.117525
Num events detected on channel 4 (phase1): 1074
Computing PCA features for channel 4 (phase1)...
Clustering for channel 4 (phase1)...
Found 23 clusters for channel 4 (phase1)...
Computing templates for channel 4 (phase1)...
Re-assigning events for channel 4 (phase1)...
Re-assigning 6 events from 4 to 16 with dt=12 (k=2)
Neighboorhood of channel 8 has 16 channels.
Detecting events on channel 9 (phase1)...
Elapsed time for detect on neighborhood: 0:00:02.121448
Num events detected on channel 9 (phase1): 774
Computing PCA features for channel 9 (phase1)...
Clustering for channel 9 (phase1)...
Found 15 clusters for channel 9 (phase1)...
Computing templates for channel 9 (phase1)...
Re-assigning events for channel 9 (phase1)...
Re-assigning 1 events from 9 to 3 with dt=-1 (k=3)
Re-assigning 1 events from 9 to 14 with dt=-2 (k=4)
Re-assigning 1 events from 9 to 14 with dt=0 (k=5)
Re-assigning 1 events from 9 to 3 with dt=6 (k=13)
Neighboorhood of channel 0 has 16 channels.
Detecting events on channel 1 (phase1)...
Elapsed time for detect on neighborhood: 0:00:02.120711
Num events detected on channel 1 (phase1): 1053
Computing PCA features for channel 1 (phase1)...
Clustering for channel 1 (phase1)...
Found 22 clusters for channel 1 (phase1)...
Computing templates for channel 1 (phase1)...
Re-assigning events for channel 1 (phase1)...
Re-assigning 7 events from 1 to 13 with dt=-19 (k=1)
Re-assigning 6 events from 1 to 14 with dt=-24 (k=2)
Re-assigning 1 events from 1 to 14 with dt=25 (k=3)
Re-assigning 13 events from 1 to 12 with dt=0 (k=4)
Re-assigning 1 events from 1 to 11 with dt=-20 (k=10)
Re-assigning 9 events from 1 to 10 with dt=-24 (k=11)
Re-assigning 4 events from 1 to 14 with dt=-16 (k=22)
Neighboorhood of channel 2 has 16 channels.
Detecting events on channel 3 (phase1)...
Elapsed time for detect on neighborhood: 0:00:02.120641
Num events detected on channel 3 (phase1): 988
Computing PCA features for channel 3 (phase1)...
Clustering for channel 3 (phase1)...
Found 20 clusters for channel 3 (phase1)...
Computing templates for channel 3 (phase1)...
Re-assigning events for channel 3 (phase1)...
Re-assigning 2 events from 3 to 13 with dt=-24 (k=5)
Re-assigning 14 events from 3 to 14 with dt=11 (k=9)
Re-assigning 1 events from 3 to 13 with dt=-49 (k=10)
Neighboorhood of channel 10 has 16 channels.
Detecting events on channel 11 (phase1)...
Elapsed time for detect on neighborhood: 0:00:02.122151
Num events detected on channel 11 (phase1): 987
Computing PCA features for channel 11 (phase1)...
Clustering for channel 11 (phase1)...
Found 18 clusters for channel 11 (phase1)...
Computing templates for channel 11 (phase1)...
Re-assigning events for channel 11 (phase1)...
Re-assigning 1 events from 11 to 14 with dt=31 (k=3)
Re-assigning 5 events from 11 to 14 with dt=25 (k=9)
Re-assigning 1 events from 11 to 13 with dt=3 (k=17)
Neighboorhood of channel 9 has 16 channels.
Detecting events on channel 10 (phase1)...
Elapsed time for detect on neighborhood: 0:00:02.118560
Num events detected on channel 10 (phase1): 999
Computing PCA features for channel 10 (phase1)...
Clustering for channel 10 (phase1)...
Found 20 clusters for channel 10 (phase1)...
Computing templates for channel 10 (phase1)...
Re-assigning events for channel 10 (phase1)...
Re-assigning 1 events from 10 to 12 with dt=0 (k=4)
Re-assigning 2 events from 10 to 9 with dt=25 (k=7)
Re-assigning 5 events from 10 to 14 with dt=2 (k=8)
Re-assigning 5 events from 10 to 3 with dt=-5 (k=14)
Neighboorhood of channel 11 has 16 channels.
Detecting events on channel 12 (phase1)...
Elapsed time for detect on neighborhood: 0:00:02.124063
Num events detected on channel 12 (phase1): 1070
Computing PCA features for channel 12 (phase1)...
Clustering for channel 12 (phase1)...
Found 24 clusters for channel 12 (phase1)...
Computing templates for channel 12 (phase1)...
Re-assigning events for channel 12 (phase1)...
Re-assigning 42 events from 12 to 14 with dt=25 (k=4)
Re-assigning 2 events from 12 to 6 with dt=0 (k=6)
Re-assigning 1 events from 12 to 13 with dt=38 (k=7)
Re-assigning 36 events from 12 to 14 with dt=-24 (k=9)
Re-assigning 7 events from 12 to 10 with dt=-24 (k=10)
Re-assigning 2 events from 12 to 3 with dt=20 (k=11)
Re-assigning 2 events from 12 to 1 with dt=0 (k=12)
Re-assigning 3 events from 12 to 3 with dt=3 (k=19)
Neighboorhood of channel 7 has 16 channels.
Detecting events on channel 8 (phase1)...
Elapsed time for detect on neighborhood: 0:00:02.127509
Num events detected on channel 8 (phase1): 1036
Computing PCA features for channel 8 (phase1)...
Clustering for channel 8 (phase1)...
Found 19 clusters for channel 8 (phase1)...
Computing templates for channel 8 (phase1)...
Re-assigning events for channel 8 (phase1)...
Re-assigning 1 events from 8 to 6 with dt=0 (k=1)
Re-assigning 1 events from 8 to 11 with dt=0 (k=6)
Neighboorhood of channel 4 has 16 channels.
Detecting events on channel 5 (phase1)...
Elapsed time for detect on neighborhood: 0:00:02.138124
Num events detected on channel 5 (phase1): 1096
Computing PCA features for channel 5 (phase1)...
Clustering for channel 5 (phase1)...
Found 22 clusters for channel 5 (phase1)...
Computing templates for channel 5 (phase1)...
Re-assigning events for channel 5 (phase1)...
Re-assigning 2 events from 5 to 14 with dt=-24 (k=1)
Re-assigning 12 events from 5 to 13 with dt=21 (k=5)
Re-assigning 1 events from 5 to 11 with dt=1 (k=7)
Re-assigning 1 events from 5 to 14 with dt=0 (k=13)
Neighboorhood of channel 12 has 16 channels.
Detecting events on channel 13 (phase1)...
Elapsed time for detect on neighborhood: 0:00:02.124748
Num events detected on channel 13 (phase1): 900
Computing PCA features for channel 13 (phase1)...
Clustering for channel 13 (phase1)...
Found 17 clusters for channel 13 (phase1)...
Computing templates for channel 13 (phase1)...
Re-assigning events for channel 13 (phase1)...
Re-assigning 5 events from 13 to 14 with dt=-3 (k=1)
Re-assigning 6 events from 13 to 11 with dt=-12 (k=7)
Re-assigning 1 events from 13 to 3 with dt=-3 (k=8)
Re-assigning 51 events from 13 to 14 with dt=25 (k=13)
Re-assigning 18 events from 13 to 3 with dt=-3 (k=15)
Neighboorhood of channel 14 has 16 channels.
Detecting events on channel 15 (phase1)...
Elapsed time for detect on neighborhood: 0:00:02.125069
Num events detected on channel 15 (phase1): 1048
Computing PCA features for channel 15 (phase1)...
Clustering for channel 15 (phase1)...
Found 21 clusters for channel 15 (phase1)...
Computing templates for channel 15 (phase1)...
Re-assigning events for channel 15 (phase1)...
Re-assigning 1 events from 15 to 13 with dt=-24 (k=3)
Re-assigning 49 events from 15 to 3 with dt=22 (k=4)
Re-assigning 5 events from 15 to 10 with dt=-24 (k=20)
Neighboorhood of channel 3 has 16 channels.
Computing PCA features for channel 4 (phase2)...
No duplicate events found for channel 3 in phase2
Clustering for channel 4 (phase2)...
Found 0 clusters for channel 4 (phase2)...
Neighboorhood of channel 4 has 16 channels.
Computing PCA features for channel 5 (phase2)...
No duplicate events found for channel 4 in phase2
Clustering for channel 5 (phase2)...
Found 0 clusters for channel 5 (phase2)...
Neighboorhood of channel 2 has 16 channels.
Computing PCA features for channel 3 (phase2)...
WARNING: found 32 of 209 duplicate events for channel 3 in phase2
Clustering for channel 3 (phase2)...
Found 3 clusters for channel 3 (phase2)...
WARNING: found 27 of 177 events within detection interval for cluster 1; deleting invalid events
WARNING: found 13 of 150 events within detection interval for cluster 3; deleting invalid events
Neighboorhood of channel 12 has 16 channels.
Computing PCA features for channel 13 (phase2)...
WARNING: found 15 of 119 duplicate events for channel 13 in phase2
Clustering for channel 13 (phase2)...
Found 2 clusters for channel 13 (phase2)...
WARNING: found 37 of 104 events within detection interval for cluster 2; deleting invalid events
Neighboorhood of channel 6 has 16 channels.
Computing PCA features for channel 7 (phase2)...
No duplicate events found for channel 6 in phase2
Clustering for channel 7 (phase2)...
Found 0 clusters for channel 7 (phase2)...
Neighboorhood of channel 13 has 16 channels.
Computing PCA features for channel 14 (phase2)...
WARNING: found 6 of 436 duplicate events for channel 14 in phase2
Clustering for channel 14 (phase2)...
Found 9 clusters for channel 14 (phase2)...
WARNING: found 10 of 430 events within detection interval for cluster 1; deleting invalid events
WARNING: found 13 of 420 events within detection interval for cluster 2; deleting invalid events
WARNING: found 3 of 407 events within detection interval for cluster 9; deleting invalid events
Neighboorhood of channel 1 has 16 channels.
Computing PCA features for channel 2 (phase2)...
No duplicate events found for channel 1 in phase2
Clustering for channel 2 (phase2)...
Found 0 clusters for channel 2 (phase2)...
Neighboorhood of channel 9 has 16 channels.
Computing PCA features for channel 10 (phase2)...
No duplicate events found for channel 9 in phase2
Clustering for channel 10 (phase2)...
Found 2 clusters for channel 10 (phase2)...
WARNING: found 2 of 31 events within detection interval for cluster 1; deleting invalid events
WARNING: found 1 of 29 events within detection interval for cluster 2; deleting invalid events
Neighboorhood of channel 11 has 16 channels.
Computing PCA features for channel 12 (phase2)...
No duplicate events found for channel 11 in phase2
Clustering for channel 12 (phase2)...
Found 2 clusters for channel 12 (phase2)...
WARNING: found 1 of 90 events within detection interval for cluster 1; deleting invalid events
WARNING: found 1 of 89 events within detection interval for cluster 2; deleting invalid events
Neighboorhood of channel 10 has 16 channels.
Computing PCA features for channel 11 (phase2)...
WARNING: found 2 of 75 duplicate events for channel 11 in phase2
Clustering for channel 11 (phase2)...
Found 1 clusters for channel 11 (phase2)...
WARNING: found 11 of 73 events within detection interval for cluster 1; deleting invalid events
Neighboorhood of channel 15 has 16 channels.
Computing PCA features for channel 16 (phase2)...
No duplicate events found for channel 15 in phase2
Clustering for channel 16 (phase2)...
Found 1 clusters for channel 16 (phase2)...
WARNING: found 1 of 153 events within detection interval for cluster 1; deleting invalid events
Neighboorhood of channel 0 has 16 channels.
Computing PCA features for channel 1 (phase2)...
No duplicate events found for channel 0 in phase2
Clustering for channel 1 (phase2)...
Found 1 clusters for channel 1 (phase2)...
WARNING: found 1 of 46 events within detection interval for cluster 1; deleting invalid events
Neighboorhood of channel 5 has 16 channels.
Computing PCA features for channel 6 (phase2)...
No duplicate events found for channel 5 in phase2
Clustering for channel 6 (phase2)...
Found 1 clusters for channel 6 (phase2)...
WARNING: found 1 of 6 events within detection interval for cluster 1; deleting invalid events
Neighboorhood of channel 7 has 16 channels.
Computing PCA features for channel 8 (phase2)...
No duplicate events found for channel 7 in phase2
Clustering for channel 8 (phase2)...
Found 0 clusters for channel 8 (phase2)...
Neighboorhood of channel 14 has 16 channels.
Computing PCA features for channel 15 (phase2)...
No duplicate events found for channel 14 in phase2
Clustering for channel 15 (phase2)...
Found 1 clusters for channel 15 (phase2)...
WARNING: found 1 of 15 events within detection interval for cluster 1; deleting invalid events
Neighboorhood of channel 8 has 16 channels.
Computing PCA features for channel 9 (phase2)...
No duplicate events found for channel 8 in phase2
Clustering for channel 9 (phase2)...
Found 1 clusters for channel 9 (phase2)...
WARNING: found 1 of 20 events within detection interval for cluster 1; deleting invalid events
Preparing output...
Done with ms4alg.
Cleaning tempdir::::: /tmp/tmpx2zwuo7j
Error running mountainsort4
[ERROR] sub9/ses01: SpikeSortingError: Spike sorting error trace:
Traceback (most recent call last):
  File "/share/home/mitan/.conda/envs/data-proc/lib/python3.10/site-packages/spikeinterface/sorters/basesorter.py", line 266, in run_from_folder
    SorterClass._run_from_folder(sorter_output_folder, sorter_params, verbose)
  File "/share/home/mitan/.conda/envs/data-proc/lib/python3.10/site-packages/spikeinterface/sorters/external/mountainsort4.py", line 137, in _run_from_folder
    units_dict_list = [{u: old_api_sorting.get_unit_spike_train(u) for u in unit_ids}]
  File "/share/home/mitan/.conda/envs/data-proc/lib/python3.10/site-packages/spikeinterface/sorters/external/mountainsort4.py", line 137, in <dictcomp>
    units_dict_list = [{u: old_api_sorting.get_unit_spike_train(u) for u in unit_ids}]
  File "/share/home/mitan/.conda/envs/data-proc/lib/python3.10/site-packages/spikeextractors/extraction_tools.py", line 766, in check_validity
    end_frame = np.Inf
  File "/share/home/mitan/.conda/envs/data-proc/lib/python3.10/site-packages/numpy/__init__.py", line 400, in __getattr__
    raise AttributeError(
AttributeError: `np.Inf` was removed in the NumPy 2.0 release. Use `np.inf` instead.

Spike sorting failed. You can inspect the runtime trace in /share/home/mitan/spike_sorting/mountainsort4/sorting_results_sub9_ses01_v3/Amygdala/sorting/spikeinterface_log.json.
[ERROR] sub11/ses01: missing MAT files: [PosixPath('/share/workspace3/ieeg/micro/word_boun_perce_v2/sub-011/ses-01/Temp_260615_105330.mat'), PosixPath('/share/workspace3/ieeg/micro/word_boun_perce_v2/sub-011/ses-01/Temp_260615_110330.mat'), PosixPath('/share/workspace3/ieeg/micro/word_boun_perce_v2/sub-011/ses-01/Temp_260615_111330.mat')]
[DONE] All requested v3 sessions finished.
