/share/home/mitan/.conda/envs/data-proc/lib/python3.10/site-packages/numpy/core/_methods.py:152: RuntimeWarning: overflow encountered in reduce
  arrmean = umr_sum(arr, axis, dtype, keepdims=True, where=where)
/share/home/mitan/.conda/envs/data-proc/lib/python3.10/site-packages/numpy/core/_methods.py:152: RuntimeWarning: invalid value encountered in reduce
  arrmean = umr_sum(arr, axis, dtype, keepdims=True, where=where)
/share/home/mitan/.conda/envs/data-proc/lib/python3.10/site-packages/numpy/core/_methods.py:173: RuntimeWarning: invalid value encountered in subtract
  x = asanyarray(arr - arrmean)
/share/home/mitan/.conda/envs/data-proc/lib/python3.10/site-packages/numpy/lib/function_base.py:4655: RuntimeWarning: invalid value encountered in subtract
  diff_b_a = subtract(b, a)
/share/home/mitan/.conda/envs/data-proc/lib/python3.10/site-packages/numpy/lib/function_base.py:4658: RuntimeWarning: invalid value encountered in cast
  subtract(b, diff_b_a * (1 - t), out=lerp_interpolation, where=t >= 0.5,
/share/home/mitan/.conda/envs/data-proc/lib/python3.10/site-packages/numpy/lib/function_base.py:4657: RuntimeWarning: invalid value encountered in cast
  lerp_interpolation = asanyarray(add(a, diff_b_a * t, out=out))
==============================================================================
sorting_debug.py -- raw-binary decode diagnostic
Assumed format for all subjects: dtype=int16, fs=30000 Hz, gain=0.195 uV/bit, time_axis=0
==============================================================================
------------------------------------------------------------------------------
CHECK 1/3  -- file size vs. assumed decode

Dataset : bistable_sub4_session3  (subject=sub4, assumed num_channels=80)
Path    : /share/workspace3/ieeg/micro/word_boun_perce_v1/bistable_sub4/bistable_sub4_session3  (file)
Raw file: /share/workspace3/ieeg/micro/word_boun_perce_v1/bistable_sub4/bistable_sub4_session3
Size    : 1139609600 bytes (1.1 GB)
Under ASSUMED decode (80 ch x int16 @ 30000 Hz):
  frames      = 7,122,560
  duration    = 3.96 min  (237.4 s)
  Duration under alternative channel counts (int16, 30 kHz):
     64 ch ->       4.95 min  <-- plausible
     96 ch ->       3.30 min  <-- plausible
    128 ch ->       2.47 min  <-- plausible
    256 ch ->       1.24 min  <-- plausible
------------------------------------------------------------------------------
CHECK 2/3  -- raw trace sanity under assumed decode
Raw trace sanity (60000 frames = 2.00s, start frame 3,561,280):
  int16 min/max       : -3322 / 2096
  int16 mean / std    : -9.94 / 290.29
  |value| 99th pct    : 1262.0  (~246.1 uV)
  saturation fraction : 0.0000%  (hi=0, lo=0)
  per-channel std     : min=11.9 med=202.8 max=953.8
  verdict             : LOOKS_OK
------------------------------------------------------------------------------
CHECK 3/3  -- alternative decode probe

Alternative-decode probe for bistable_sub4_session3 (file size 1.1 GB):
  decode                                          dur(min)       std     99pct  verdict
  ----------------------------------------------------------------------------  ------------
  assumed (script default)                            3.96     290.3    1262.0  plausible
  num_channels=64 int16                               4.95     307.3    1324.0  plausible
  num_channels=80 int16                               3.96     290.3    1262.0  plausible
  num_channels=96 int16                               3.30     283.6    1210.0  plausible
  num_channels=128 int16                              2.47     289.1    1229.0  plausible
  num_channels=256 int16                              1.24     284.6    1131.0  plausible
  num_channels=128 float32                            1.24       nan       nan  dur_ok
  num_channels=64 float32                             2.47       nan       nan  dur_ok
  num_channels=128 int16 ch-major(time_axis=1)        2.47     289.1    1229.0  plausible
------------------------------------------------------------------------------
CHECK 1/3  -- file size vs. assumed decode

Dataset : bistable_sub4_session5  (subject=sub4, assumed num_channels=80)
Path    : /share/workspace3/ieeg/micro/word_boun_perce_v1/bistable_sub4/bistable_sub4_session5  (file)
Raw file: /share/workspace3/ieeg/micro/word_boun_perce_v1/bistable_sub4/bistable_sub4_session5
Size    : 3428208640 bytes (3.2 GB)
Under ASSUMED decode (80 ch x int16 @ 30000 Hz):
  frames      = 21,426,304
  duration    = 11.90 min  (714.2 s)
  Duration under alternative channel counts (int16, 30 kHz):
     64 ch ->      14.88 min  <-- plausible
     96 ch ->       9.92 min  <-- plausible
    128 ch ->       7.44 min  <-- plausible
    256 ch ->       3.72 min  <-- plausible
------------------------------------------------------------------------------
CHECK 2/3  -- raw trace sanity under assumed decode
Raw trace sanity (60000 frames = 2.00s, start frame 10,713,152):
  int16 min/max       : -2470 / 1586
  int16 mean / std    : 11.06 / 242.21
  |value| 99th pct    : 841.0  (~164.0 uV)
  saturation fraction : 0.0000%  (hi=0, lo=0)
  per-channel std     : min=11.4 med=218.1 max=467.9
  verdict             : LOOKS_OK
------------------------------------------------------------------------------
CHECK 3/3  -- alternative decode probe

Alternative-decode probe for bistable_sub4_session5 (file size 3.2 GB):
  decode                                          dur(min)       std     99pct  verdict
  ----------------------------------------------------------------------------  ------------
  assumed (script default)                           11.90     242.2     841.0  plausible
  num_channels=64 int16                              14.88     247.0     866.0  plausible
  num_channels=80 int16                              11.90     242.2     841.0  plausible
  num_channels=96 int16                               9.92     241.9     828.0  plausible
  num_channels=128 int16                              7.44     236.3     829.0  plausible
  num_channels=256 int16                              3.72     254.6     925.0  plausible
  num_channels=128 float32                            3.72       nan       nan  dur_ok
  num_channels=64 float32                             7.44       nan       nan  dur_ok
  num_channels=128 int16 ch-major(time_axis=1)        7.44     236.3     829.0  plausible
------------------------------------------------------------------------------
CHECK 1/3  -- file size vs. assumed decode

Dataset : bistable_sub5_session1  (subject=sub5, assumed num_channels=128)
Path    : /share/workspace2/tangmi/bistable_sub5_session1  (file)
Raw file: /share/workspace2/tangmi/bistable_sub5_session1
Size    : 5009534976 bytes (4.7 GB)
Under ASSUMED decode (128 ch x int16 @ 30000 Hz):
  frames      = 19,568,496
  duration    = 10.87 min  (652.3 s)
  Duration under alternative channel counts (int16, 30 kHz):
     64 ch ->      21.74 min  <-- plausible
     80 ch ->      17.39 min  <-- plausible
     96 ch ->      14.50 min  <-- plausible
    256 ch ->       5.44 min  <-- plausible
------------------------------------------------------------------------------
CHECK 2/3  -- raw trace sanity under assumed decode
Raw trace sanity (60000 frames = 2.00s, start frame 9,784,248):
  int16 min/max       : -3309 / 3988
  int16 mean / std    : -49.09 / 317.03
  |value| 99th pct    : 1361.0  (~265.4 uV)
  saturation fraction : 0.0000%  (hi=0, lo=0)
  per-channel std     : min=146.4 med=320.4 max=447.7
  verdict             : LOOKS_OK
------------------------------------------------------------------------------
CHECK 3/3  -- alternative decode probe

Alternative-decode probe for bistable_sub5_session1 (file size 4.7 GB):
  decode                                          dur(min)       std     99pct  verdict
  ----------------------------------------------------------------------------  ------------
  assumed (script default)                           10.87     317.0    1361.0  plausible
  num_channels=64 int16                              21.74     187.9     710.0  plausible
  num_channels=80 int16                              17.39     189.5     715.0  plausible
  num_channels=96 int16                              14.50     255.3     987.0  plausible
  num_channels=128 int16                             10.87     317.0    1361.0  plausible
  num_channels=256 int16                              5.44     310.1    1343.0  plausible
  num_channels=128 float32                            5.44       nan       nan  dur_ok
  num_channels=64 float32                            10.87       nan       nan  dur_ok
  num_channels=128 int16 ch-major(time_axis=1)       10.87     317.0    1361.0  plausible
------------------------------------------------------------------------------
CHECK 1/3  -- file size vs. assumed decode

Dataset : bistable_sub5_session2  (subject=sub5, assumed num_channels=128)
Path    : /share/workspace2/tangmi/bistable_sub5_session2  (file)
Raw file: /share/workspace2/tangmi/bistable_sub5_session2
Size    : 5132644352 bytes (4.8 GB)
Under ASSUMED decode (128 ch x int16 @ 30000 Hz):
  frames      = 20,049,392
  duration    = 11.14 min  (668.3 s)
  Duration under alternative channel counts (int16, 30 kHz):
     64 ch ->      22.28 min  <-- plausible
     80 ch ->      17.82 min  <-- plausible
     96 ch ->      14.85 min  <-- plausible
    256 ch ->       5.57 min  <-- plausible
------------------------------------------------------------------------------
CHECK 2/3  -- raw trace sanity under assumed decode
Raw trace sanity (60000 frames = 2.00s, start frame 10,024,696):
  int16 min/max       : -831 / 1062
  int16 mean / std    : 4.22 / 145.72
  |value| 99th pct    : 441.0  (~86.0 uV)
  saturation fraction : 0.0000%  (hi=0, lo=0)
  per-channel std     : min=116.0 med=145.2 max=167.7
  verdict             : LOOKS_OK
------------------------------------------------------------------------------
CHECK 3/3  -- alternative decode probe

Alternative-decode probe for bistable_sub5_session2 (file size 4.8 GB):
  decode                                          dur(min)       std     99pct  verdict
  ----------------------------------------------------------------------------  ------------
  assumed (script default)                           11.14     145.7     441.0  plausible
  num_channels=64 int16                              22.28     152.7     474.0  plausible
  num_channels=80 int16                              17.82     151.4     464.0  plausible
  num_channels=96 int16                              14.85     147.5     453.0  plausible
  num_channels=128 int16                             11.14     145.7     441.0  plausible
  num_channels=256 int16                              5.57     144.1     435.0  plausible
  num_channels=128 float32                            5.57       nan       nan  dur_ok
  num_channels=64 float32                            11.14       nan       nan  dur_ok
  num_channels=128 int16 ch-major(time_axis=1)       11.14     145.7     441.0  plausible
------------------------------------------------------------------------------
CHECK 1/3  -- file size vs. assumed decode

Dataset : bistable_sub6_session1  (subject=sub6, assumed num_channels=128)
Path    : /share/workspace2/tangmi/bistable_sub6_session1  (file)
Raw file: /share/workspace2/tangmi/bistable_sub6_session1
Size    : 842129408 bytes (803.1 MB)
Under ASSUMED decode (128 ch x int16 @ 30000 Hz):
  frames      = 3,289,568
  duration    = 1.83 min  (109.7 s)
  Duration under alternative channel counts (int16, 30 kHz):
     64 ch ->       3.66 min  <-- plausible
     80 ch ->       2.92 min  <-- plausible
     96 ch ->       2.44 min  <-- plausible
    256 ch ->       0.91 min
------------------------------------------------------------------------------
CHECK 2/3  -- raw trace sanity under assumed decode
Raw trace sanity (60000 frames = 2.00s, start frame 1,644,784):
  int16 min/max       : -1800 / 2484
  int16 mean / std    : -12.86 / 177.71
  |value| 99th pct    : 605.0  (~118.0 uV)
  saturation fraction : 0.0000%  (hi=0, lo=0)
  per-channel std     : min=89.8 med=177.2 max=257.8
  verdict             : LOOKS_OK
------------------------------------------------------------------------------
CHECK 3/3  -- alternative decode probe

Alternative-decode probe for bistable_sub6_session1 (file size 803.1 MB):
  decode                                          dur(min)       std     99pct  verdict
  ----------------------------------------------------------------------------  ------------
  assumed (script default)                            1.83     177.7     605.0  plausible
  num_channels=64 int16                               3.66     162.5     546.0  plausible
  num_channels=80 int16                               2.92     165.4     577.0  plausible
  num_channels=96 int16                               2.44     176.1     606.0  plausible
  num_channels=128 int16                              1.83     177.7     605.0  plausible
  num_channels=256 int16                              0.91     174.1     601.0  std_ok
  num_channels=128 float32                            0.91       nan       nan  bad
  num_channels=64 float32                             1.83       nan       nan  dur_ok
  num_channels=128 int16 ch-major(time_axis=1)        1.83     177.7     605.0  plausible
------------------------------------------------------------------------------
CHECK 1/3  -- file size vs. assumed decode

Dataset : bistable_sub6_session3  (subject=sub6, assumed num_channels=128)
Path    : /share/workspace2/tangmi/bistable_sub6_session3  (file)
Raw file: /share/workspace2/tangmi/bistable_sub6_session3
Size    : 857483264 bytes (817.8 MB)
Under ASSUMED decode (128 ch x int16 @ 30000 Hz):
  frames      = 3,349,544
  duration    = 1.86 min  (111.7 s)
  Duration under alternative channel counts (int16, 30 kHz):
     64 ch ->       3.72 min  <-- plausible
     80 ch ->       2.98 min  <-- plausible
     96 ch ->       2.48 min  <-- plausible
    256 ch ->       0.93 min
------------------------------------------------------------------------------
CHECK 2/3  -- raw trace sanity under assumed decode
Raw trace sanity (60000 frames = 2.00s, start frame 1,674,772):
  int16 min/max       : -1749 / 1193
  int16 mean / std    : 1.39 / 130.98
  |value| 99th pct    : 446.0  (~87.0 uV)
  saturation fraction : 0.0000%  (hi=0, lo=0)
  per-channel std     : min=59.7 med=129.2 max=189.3
  verdict             : LOOKS_OK
------------------------------------------------------------------------------
CHECK 3/3  -- alternative decode probe

Alternative-decode probe for bistable_sub6_session3 (file size 817.8 MB):
  decode                                          dur(min)       std     99pct  verdict
  ----------------------------------------------------------------------------  ------------
  assumed (script default)                            1.86     131.0     446.0  plausible
  num_channels=64 int16                               3.72     133.4     454.0  plausible
  num_channels=80 int16                               2.98     133.1     454.0  plausible
  num_channels=96 int16                               2.48     132.2     449.0  plausible
  num_channels=128 int16                              1.86     131.0     446.0  plausible
  num_channels=256 int16                              0.93     133.5     457.0  std_ok
  num_channels=128 float32                            0.93       nan       nan  bad
  num_channels=64 float32                             1.86       nan       nan  dur_ok
  num_channels=128 int16 ch-major(time_axis=1)        1.86     131.0     446.0  plausible
==============================================================================
SUMMARY -- assumed-decode duration per dataset
==============================================================================
  dataset                       subject   nch          size    dur(min)  verdict
  ---------------------------------------------------------------------  ------------
  bistable_sub4_session3           sub4    80        1.1 GB        3.96  dur_ok
  bistable_sub4_session5           sub4    80        3.2 GB       11.90  dur_ok
  bistable_sub5_session1           sub5   128        4.7 GB       10.87  dur_ok
  bistable_sub5_session2           sub5   128        4.8 GB       11.14  dur_ok
  bistable_sub6_session1           sub6   128      803.1 MB        1.83  dur_ok
  bistable_sub6_session3           sub6   128      817.8 MB        1.86  dur_ok
==============================================================================
How to read this output:
  * If sub4 shows 'dur_ok' + 'LOOKS_OK' but sub5/sub6 show
    'DURATION_OFF' or 'LOOKS_SUSPICIOUS' under the assumed decode,
    the bug is the read_binary parameter set (num_channels / dtype /
    time_axis / fs) being wrong for those files -- exactly the
    hypothesis from the script scrutiny.
  * The 'Alternative-decode probe' table shows which decode (channel
    count, dtype, axis) gives a plausible duration AND a plausible
    amplitude std for the sub5/sub6 files. The matching row tells you
    the correct read_binary parameters to use.
  * A clean 2x / 0.5x size ratio vs sub4 is a strong sign of a wrong
    channel count or wrong dtype (int16 vs float32).
==============================================================================
